Lab - Permissions, Editing Text, Date and Time
==========
Follow the instructions line-by-line.  

* Type in the commands as is, but ignore the beginning prompt.  
* Enter, tab, up and down are represented by <ENTER><TAB>,<UP> and <DOWN>.  
* "No output" or "nothing happens" are valid answers to any of the questions.
==========


==========
We're going to be writing a shell script.  First, though... let's figure out what day and time it is!
==========

==========
1. What day and time is it?

What command did you use, and what was its output?
----------
Tariq@Debra MINGW64 ~
$ date
Wed, Oct 20, 2021  5:24:27 PM


==========
2. Print out a calendar for this month.

What command did you use, and what was its output?
----------
Tariq@Debra MINGW64 ~
$ cal 2021
bash: cal: command not found
Doesn't work for windows


==========
3. Go to your home directory.  Verify that you're in your home directory.

What commands did you use to do this?
----------
Tariq@Debra MINGW64 ~
$ pwd
/c/Users/Tariq


==========
4. Create an empty file called copy_to_backup.sh.  Verify that the file exists.

What commands did you use to do this?
----------
Tariq@Debra MINGW64 ~
$ mkdir copy_to_backup.sh

Tariq@Debra MINGW64 ~
$ ls
 ansel/
 AppData/
'Application Data'@
 BullseyeCoverageError.txt
 Contacts/
 Cookies@
 copy_to_backup.sh


==========
5. What are the permissions on your copy_to_backup.sh.

What command did you use to find the permissions?
----------

Tariq@Debra MINGW64 ~
$ ls -l copy_to_backup.sh
total 0


==========
6. Change the permissions so that this file is executable by the user.  Verify the new permissions.

What commands did you use to do this?  What was the output?
----------
Tariq@Debra MINGW64 ~
$ chmod u+x copy_to_backup.sh

Nothing. 

==========
7. Try executing the file!

$ ./copy_to_backup.sh

What command did you use to try to execute the file?  What happens?
----------
The file loads and the terminal shows off it's progress. 


==========
8. Open the file with nano

What command did you use to do this?
----------
$ nano copy_to_backup.sh


==========
9. In your file, write the following commands:

a. create a directory called backup in your home directory... use the -p flag!
b. copy all of the files txt files in the current directory to the backup directory (use *.txt)
c. print out "I'm done backing up"

Write out the code in your file below...
----------
mkdir -p backup
cp *.txt backup
echo "I'm done backing up"


==========
10. Create a directory in your home called test
----------
Tariq@Debra MINGW64 ~
$ mkdir test
==========
11. Go into that directory and create two empty files... 1.txt and 2.txt

What commands did you use to do this?
----------
Tariq@Debra MINGW64 ~/test
$ touch 1.txt

Tariq@Debra MINGW64 ~/test
$ touch 2.txt

Tariq@Debra MINGW64 ~/test
$ ls
1.txt  2.txt



==========
12. Move the script that you created into this directory.

What commands did you use to do this?
----------
Tariq@Debra MINGW64 ~/test
$ mv copy_to_backup.sh test
mv: cannot stat 'copy_to_backup.sh': No such file or directory

Tariq@Debra MINGW64 ~/test
$ mv copy_to_backup.sh 1.txt
mv: cannot stat 'copy_to_backup.sh': No such file or directory

I'm stuck


==========
13. Run your script.

What commands did you use to do this?
----------
I'm stuck


==========
14. Verify that a backup folder was created in your home directory... with copies of the files present.

What commands did you use to do this?  Show the output.
----------
Tariq@Debra MINGW64 ~
$ pwd
/c/Users/Tariq

Tariq@Debra MINGW64 ~
$ ls
 ansel/
 AppData/
'Application Data'@
 backup/
